2026-10-08 14:02:28.330 - INFO - 🚀 [Gamma-API] Майнер факта Polymarket: 2026-10 до 2026-10-07
2026-10-08 14:02:56.299 - INFO - ℹ️ [Gamma-API] ZSJN 2026-10-01: событие не найдено (highest-temperature-in-jinan-on-october-1-2026)
2026-10-08 14:02:56.889 - INFO - ℹ️ [Gamma-API] ZSJN 2026-10-02: событие не найдено (highest-temperature-in-jinan-on-october-2-2026)
2026-10-08 14:02:57.399 - INFO - ℹ️ [Gamma-API] ZSJN 2026-10-03: событие не найдено (highest-temperature-in-jinan-on-october-3-2026)
2026-10-08 14:02:57.987 - INFO - ℹ️ [Gamma-API] ZSJN 2026-10-04: событие не найдено (highest-temperature-in-jinan-on-october-4-2026)
2026-10-08 14:02:58.450 - INFO - ℹ️ [Gamma-API] ZSJN 2026-10-05: событие не найдено (highest-temperature-in-jinan-on-october-5-2026)
2026-10-08 14:02:59.431 - INFO - ℹ️ [Gamma-API] ZSJN 2026-10-06: событие не найдено (highest-temperature-in-jinan-on-october-6-2026)
2026-10-08 14:02:59.790 - INFO - ℹ️ [Gamma-API] ZSJN 2026-10-07: событие не найдено (highest-temperature-in-jinan-on-october-7-2026)
2026-10-08 14:03:00.251 - INFO - ℹ️ [Gamma-API] ZHCC 2026-10-02: событие не найдено (highest-temperature-in-zhengzhou-on-october-2-2026)
2026-10-08 14:03:00.697 - INFO - ℹ️ [Gamma-API] ZHCC 2026-10-03: событие не найдено (highest-temperature-in-zhengzhou-on-october-3-2026)
2026-10-08 14:03:01.398 - INFO - ℹ️ [Gamma-API] ZHCC 2026-10-04: событие не найдено (highest-temperature-in-zhengzhou-on-october-4-2026)
2026-10-08 14:03:01.829 - INFO - ℹ️ [Gamma-API] ZHCC 2026-10-05: событие не найдено (highest-temperature-in-zhengzhou-on-october-5-2026)
2026-10-08 14:03:02.101 - INFO - ℹ️ [Gamma-API] ZHCC 2026-10-06: событие не найдено (highest-temperature-in-zhengzhou-on-october-6-2026)
2026-10-08 14:03:02.450 - INFO - ℹ️ [Gamma-API] ZHCC 2026-10-07: событие не найдено (highest-temperature-in-zhengzhou-on-october-7-2026)
2026-10-08 14:03:02.462 - INFO - 💾 [Gamma-API] KLGA 2026-10-07: 66-67°F
2026-10-08 14:03:02.465 - INFO - 💾 [Gamma-API] KLAX 2026-10-07: 84-85°F
2026-10-08 14:03:02.466 - INFO - 💾 [Gamma-API] KORD 2026-10-07: 78-79°F
2026-10-08 14:03:02.466 - INFO - 💾 [Gamma-API] KDAL 2026-10-07: 88-89°F
2026-10-08 14:03:02.466 - INFO - 💾 [Gamma-API] KMIA 2026-10-07: 88-89°F
2026-10-08 14:03:02.466 - INFO - 💾 [Gamma-API] KHOU 2026-10-07: 90-91°F
2026-10-08 14:03:02.466 - INFO - 💾 [Gamma-API] KSFO 2026-10-07: 74-75°F
2026-10-08 14:03:02.466 - INFO - 💾 [Gamma-API] KSEA 2026-10-07: 66-67°F
2026-10-08 14:03:02.466 - INFO - 💾 [Gamma-API] KATL 2026-10-07: 78-79°F
2026-10-08 14:03:02.481 - INFO - 💾 [Gamma-API] KBKF 2026-10-07: 80-81°F
2026-10-08 14:03:02.484 - INFO - 💾 [Gamma-API] KAUS 2026-10-07: 90-91°F
2026-10-08 14:03:02.487 - INFO - 💾 [Gamma-API] CYYZ 2026-10-07: 23°C
2026-10-08 14:03:02.489 - INFO - 💾 [Gamma-API] MMMX 2026-10-07: 20°C
2026-10-08 14:03:02.489 - INFO - 💾 [Gamma-API] MPMG 2026-10-07: 32°C
2026-10-08 14:03:02.489 - INFO - 💾 [Gamma-API] EGLC 2026-10-07: 16°C
2026-10-08 14:03:02.498 - INFO - 💾 [Gamma-API] LFPG 2026-10-07: 18°C
2026-10-08 14:03:02.501 - INFO - 💾 [Gamma-API] EDDM 2026-10-07: 24°C
2026-10-08 14:03:02.503 - INFO - 💾 [Gamma-API] LIMC 2026-10-07: 18°C
2026-10-08 14:03:02.505 - INFO - 💾 [Gamma-API] LEMD 2026-10-07: 23°C
2026-10-08 14:03:02.509 - INFO - 💾 [Gamma-API] EHAM 2026-10-07: 22°C
2026-10-08 14:03:02.512 - INFO - 💾 [Gamma-API] EPWA 2026-10-07: 21°C
2026-10-08 14:03:02.514 - INFO - 💾 [Gamma-API] EFHK 2026-10-07: 14°C
2026-10-08 14:03:02.517 - INFO - 💾 [Gamma-API] LTAC 2026-10-07: 20°C
2026-10-08 14:03:02.517 - INFO - 💾 [Gamma-API] RKSI 2026-10-07: 22°C
2026-10-08 14:03:02.517 - INFO - 💾 [Gamma-API] RKPK 2026-10-07: 24°C
2026-10-08 14:03:02.517 - INFO - 💾 [Gamma-API] RJTT 2026-10-07: 25°C
2026-10-08 14:03:02.517 - INFO - 💾 [Gamma-API] ZBAA 2026-10-07: 27°C
2026-10-08 14:03:02.529 - INFO - 💾 [Gamma-API] ZSPD 2026-10-07: 26°C
2026-10-08 14:03:02.529 - INFO - 💾 [Gamma-API] ZGSZ 2026-10-07: 30°C
2026-10-08 14:03:02.529 - INFO - 💾 [Gamma-API] ZUCK 2026-10-07: 29°C
2026-10-08 14:03:02.536 - INFO - 💾 [Gamma-API] ZUUU 2026-10-07: 25°C
2026-10-08 14:03:02.536 - INFO - 💾 [Gamma-API] WSSS 2026-10-07: 33°C
2026-10-08 14:03:02.545 - INFO - 💾 [Gamma-API] VILK 2026-10-07: 32°C
2026-10-08 14:03:02.547 - INFO - 💾 [Gamma-API] WMKK 2026-10-07: 34°C
2026-10-08 14:03:02.549 - INFO - 💾 [Gamma-API] ZHHH 2026-10-07: 27°C
2026-10-08 14:03:02.553 - INFO - 💾 [Gamma-API] NZWN 2026-10-07: 15°C
2026-10-08 14:03:02.555 - INFO - 💾 [Gamma-API] SAEZ 2026-10-07: 18°C
2026-10-08 14:03:02.555 - INFO - 💾 [Gamma-API] SBGR 2026-10-07: 26°C
2026-10-08 14:03:02.561 - INFO - 💾 [Gamma-API] OPKC 2026-10-07: 33°C
2026-10-08 14:03:02.563 - INFO - 💾 [Gamma-API] ZGGG 2026-10-07: 30°C
2026-10-08 14:03:02.565 - INFO - 💾 [Gamma-API] OEJN 2026-10-07: 38°C
2026-10-08 14:03:02.567 - INFO - 💾 [Gamma-API] LLBG 2026-10-07: 29°C
2026-10-08 14:03:02.567 - INFO - 💾 [Gamma-API] RPLL 2026-10-07: 34°C
2026-10-08 14:03:02.567 - INFO - 💾 [Gamma-API] ZSQD 2026-10-07: 26°C
2026-10-08 14:03:02.577 - INFO - 💾 [Gamma-API] FACT 2026-10-07: 20°C
2026-10-08 14:03:02.581 - INFO - 💾 [Gamma-API] UUWW 2026-10-07: 14°C
2026-10-08 14:03:02.583 - INFO - 💾 [Gamma-API] RCSS 2026-10-07: 28°C
2026-10-08 14:03:02.585 - INFO - 💾 [Gamma-API] 2026-10: дозаписано 47 новых строк в data_mining/polymarket_gamma\polymarket_gamma_2026_10.jsonl
