2026-10-09 00:04:44.288 - INFO - 💾 [CLOB-API] KAUS | 12:00 | 11 бакетов
2026-10-09 00:04:44.302 - DEBUG - 📡 [CLOB-API live] KAUS: самый дорогой бакет по CLOB — '92-93°F' за 51.0¢
2026-10-09 00:05:11.677 - INFO - 💾 [CLOB-API] MPMG | 12:00 | 11 бакетов
2026-10-09 00:05:11.680 - DEBUG - 📡 [CLOB-API live] MPMG: самый дорогой бакет по CLOB — '32°C' за 76.0¢
2026-10-09 00:05:13.093 - INFO - 🔎 [CLOB-API] Слот наступил у 15 городов
2026-10-09 00:05:16.322 - INFO - 📊 [CLOB-API] Ордербуков получено: 330 из 330 запрошенных токенов
2026-10-09 00:05:16.327 - INFO - 💾 [CLOB-API] KLGA | 13:00 | 11 бакетов
2026-10-09 00:05:16.332 - INFO - 💾 [CLOB-API] KLAX | 10:00 | 11 бакетов
2026-10-09 00:05:16.335 - INFO - 💾 [CLOB-API] KORD | 12:00 | 11 бакетов
2026-10-09 00:05:16.339 - INFO - 💾 [CLOB-API] KDAL | 12:00 | 11 бакетов
2026-10-09 00:05:16.342 - INFO - 💾 [CLOB-API] KMIA | 13:00 | 11 бакетов
2026-10-09 00:05:16.346 - INFO - 💾 [CLOB-API] KHOU | 12:00 | 11 бакетов
2026-10-09 00:05:16.348 - INFO - 💾 [CLOB-API] KSFO | 10:00 | 11 бакетов
2026-10-09 00:05:16.352 - INFO - 💾 [CLOB-API] KSEA | 10:00 | 11 бакетов
2026-10-09 00:05:16.355 - INFO - 💾 [CLOB-API] KATL | 13:00 | 11 бакетов
2026-10-09 00:05:16.358 - INFO - 💾 [CLOB-API] KBKF | 11:00 | 11 бакетов
2026-10-09 00:05:16.362 - INFO - 💾 [CLOB-API] CYYZ | 13:00 | 11 бакетов
2026-10-09 00:05:16.365 - INFO - 💾 [CLOB-API] MMMX | 11:00 | 11 бакетов
2026-10-09 00:05:16.368 - INFO - 💾 [CLOB-API] NZWN | 06:00 | 11 бакетов
2026-10-09 00:05:16.370 - INFO - 💾 [CLOB-API] SAEZ | 14:00 | 11 бакетов
2026-10-09 00:05:16.373 - INFO - 💾 [CLOB-API] SBGR | 14:00 | 11 бакетов
2026-10-09 00:15:16.440 - INFO - 🔎 [CLOB-API] Слот наступил у 17 городов
2026-10-09 00:15:18.081 - INFO - 📊 [CLOB-API] Ордербуков получено: 374 из 374 запрошенных токенов
2026-10-09 00:15:18.084 - INFO - 💾 [CLOB-API] KLGA | 13:15 | 11 бакетов
2026-10-09 00:15:18.089 - INFO - 💾 [CLOB-API] KLAX | 10:15 | 11 бакетов
2026-10-09 00:15:18.092 - INFO - 💾 [CLOB-API] KORD | 12:15 | 11 бакетов
2026-10-09 00:15:18.095 - INFO - 💾 [CLOB-API] KDAL | 12:15 | 11 бакетов
2026-10-09 00:15:18.097 - INFO - 💾 [CLOB-API] KMIA | 13:15 | 11 бакетов
2026-10-09 00:15:18.101 - INFO - 💾 [CLOB-API] KHOU | 12:15 | 11 бакетов
2026-10-09 00:15:18.104 - INFO - 💾 [CLOB-API] KSFO | 10:15 | 11 бакетов
2026-10-09 00:15:18.107 - INFO - 💾 [CLOB-API] KSEA | 10:15 | 11 бакетов
2026-10-09 00:15:18.110 - INFO - 💾 [CLOB-API] KATL | 13:15 | 11 бакетов
2026-10-09 00:15:18.113 - INFO - 💾 [CLOB-API] KBKF | 11:15 | 11 бакетов
2026-10-09 00:15:18.116 - INFO - 💾 [CLOB-API] KAUS | 12:15 | 11 бакетов
2026-10-09 00:15:18.119 - INFO - 💾 [CLOB-API] CYYZ | 13:15 | 11 бакетов
2026-10-09 00:15:18.122 - INFO - 💾 [CLOB-API] MMMX | 11:15 | 11 бакетов
2026-10-09 00:15:18.125 - INFO - 💾 [CLOB-API] MPMG | 12:15 | 11 бакетов
2026-10-09 00:15:18.127 - INFO - 💾 [CLOB-API] NZWN | 06:15 | 11 бакетов
2026-10-09 00:15:18.130 - INFO - 💾 [CLOB-API] SAEZ | 14:15 | 11 бакетов
2026-10-09 00:15:18.133 - INFO - 💾 [CLOB-API] SBGR | 14:15 | 11 бакетов
2026-10-09 00:30:18.227 - INFO - 🔎 [CLOB-API] Слот наступил у 17 городов
2026-10-09 00:30:20.048 - INFO - 📊 [CLOB-API] Ордербуков получено: 374 из 374 запрошенных токенов
2026-10-09 00:30:20.052 - INFO - 💾 [CLOB-API] KLGA | 13:30 | 11 бакетов
2026-10-09 00:30:20.057 - INFO - 💾 [CLOB-API] KLAX | 10:30 | 11 бакетов
2026-10-09 00:30:20.061 - INFO - 💾 [CLOB-API] KORD | 12:30 | 11 бакетов
2026-10-09 00:30:20.064 - INFO - 💾 [CLOB-API] KDAL | 12:30 | 11 бакетов
2026-10-09 00:30:20.068 - INFO - 💾 [CLOB-API] KMIA | 13:30 | 11 бакетов
2026-10-09 00:30:20.071 - INFO - 💾 [CLOB-API] KHOU | 12:30 | 11 бакетов
2026-10-09 00:30:20.074 - INFO - 💾 [CLOB-API] KSFO | 10:30 | 11 бакетов
2026-10-09 00:30:20.078 - INFO - 💾 [CLOB-API] KSEA | 10:30 | 11 бакетов
2026-10-09 00:30:20.081 - INFO - 💾 [CLOB-API] KATL | 13:30 | 11 бакетов
2026-10-09 00:30:20.086 - INFO - 💾 [CLOB-API] KBKF | 11:30 | 11 бакетов
2026-10-09 00:30:20.090 - INFO - 💾 [CLOB-API] KAUS | 12:30 | 11 бакетов
2026-10-09 00:30:20.093 - INFO - 💾 [CLOB-API] CYYZ | 13:30 | 11 бакетов
2026-10-09 00:30:20.096 - INFO - 💾 [CLOB-API] MMMX | 11:30 | 11 бакетов
2026-10-09 00:30:20.100 - INFO - 💾 [CLOB-API] MPMG | 12:30 | 11 бакетов
2026-10-09 00:30:20.104 - INFO - 💾 [CLOB-API] NZWN | 06:30 | 11 бакетов
2026-10-09 00:30:20.107 - INFO - 💾 [CLOB-API] SAEZ | 14:30 | 11 бакетов
2026-10-09 00:30:20.110 - INFO - 💾 [CLOB-API] SBGR | 14:30 | 11 бакетов
