2026-10-08 14:01:23.243 - INFO - 🚀 Майнер фактических максимумов: 2026-10 до 2026-10-07
2026-10-08 14:01:24.119 - INFO - 🔗 [Wunderground-API] Открываю: https://api.weather.com/v3/wx/conditions/historical/dailysummary/30day?apiKey=YOUR_WUNDERGROUND_API_KEY&language=en-US&units=e&format=json&icaoCode=KLGA&startDate=20261007&endDate=20261007
2026-10-08 14:01:24.742 - INFO - 📈 [Wunderground-API] KLGA 2026-10: собрано 30 дней
2026-10-08 14:01:24.742 - INFO - 🔗 [Wunderground-API] Открываю: https://api.weather.com/v3/wx/conditions/historical/dailysummary/30day?apiKey=YOUR_WUNDERGROUND_API_KEY&language=en-US&units=e&format=json&icaoCode=KLAX&startDate=20261007&endDate=20261007
2026-10-08 14:01:25.251 - INFO - 📈 [Wunderground-API] KLAX 2026-10: собрано 30 дней
2026-10-08 14:01:25.260 - INFO - 🔗 [Wunderground-API] Открываю: https://api.weather.com/v3/wx/conditions/historical/dailysummary/30day?apiKey=YOUR_WUNDERGROUND_API_KEY&language=en-US&units=e&format=json&icaoCode=KORD&startDate=20261007&endDate=20261007
2026-10-08 14:01:28.810 - INFO - 📈 [Wunderground-API] KORD 2026-10: собрано 30 дней
2026-10-08 14:01:28.810 - INFO - 🔗 [Wunderground-API] Открываю: https://api.weather.com/v3/wx/conditions/historical/dailysummary/30day?apiKey=YOUR_WUNDERGROUND_API_KEY&language=en-US&units=e&format=json&icaoCode=KDAL&startDate=20261007&endDate=20261007
2026-10-08 14:01:29.329 - INFO - 📈 [Wunderground-API] KDAL 2026-10: собрано 30 дней
2026-10-08 14:01:29.329 - INFO - 🔗 [Wunderground-API] Открываю: https://api.weather.com/v3/wx/conditions/historical/dailysummary/30day?apiKey=YOUR_WUNDERGROUND_API_KEY&language=en-US&units=e&format=json&icaoCode=KMIA&startDate=20261007&endDate=20261007
2026-10-08 14:01:30.390 - INFO - 📈 [Wunderground-API] KMIA 2026-10: собрано 30 дней
2026-10-08 14:01:30.391 - INFO - 🔗 [Wunderground-API] Открываю: https://api.weather.com/v3/wx/conditions/historical/dailysummary/30day?apiKey=YOUR_WUNDERGROUND_API_KEY&language=en-US&units=e&format=json&icaoCode=KHOU&startDate=20261007&endDate=20261007
2026-10-08 14:01:31.301 - INFO - 📈 [Wunderground-API] KHOU 2026-10: собрано 30 дней
2026-10-08 14:01:31.301 - INFO - 🔗 [Wunderground-API] Открываю: https://api.weather.com/v3/wx/conditions/historical/dailysummary/30day?apiKey=YOUR_WUNDERGROUND_API_KEY&language=en-US&units=e&format=json&icaoCode=KSFO&startDate=20261007&endDate=20261007
2026-10-08 14:01:31.884 - INFO - 📈 [Wunderground-API] KSFO 2026-10: собрано 30 дней
2026-10-08 14:01:31.884 - INFO - 🔗 [Wunderground-API] Открываю: https://api.weather.com/v3/wx/conditions/historical/dailysummary/30day?apiKey=YOUR_WUNDERGROUND_API_KEY&language=en-US&units=e&format=json&icaoCode=KSEA&startDate=20261007&endDate=20261007
2026-10-08 14:01:32.384 - INFO - 📈 [Wunderground-API] KSEA 2026-10: собрано 30 дней
2026-10-08 14:01:32.384 - INFO - 🔗 [Wunderground-API] Открываю: https://api.weather.com/v3/wx/conditions/historical/dailysummary/30day?apiKey=YOUR_WUNDERGROUND_API_KEY&language=en-US&units=e&format=json&icaoCode=KATL&startDate=20261007&endDate=20261007
2026-10-08 14:01:32.925 - INFO - 📈 [Wunderground-API] KATL 2026-10: собрано 30 дней
2026-10-08 14:01:32.925 - INFO - 🔗 [Wunderground-API] Открываю: https://api.weather.com/v3/wx/conditions/historical/dailysummary/30day?apiKey=YOUR_WUNDERGROUND_API_KEY&language=en-US&units=e&format=json&icaoCode=KBKF&startDate=20261007&endDate=20261007
2026-10-08 14:01:34.086 - INFO - 📈 [Wunderground-API] KBKF 2026-10: собрано 30 дней
2026-10-08 14:01:34.089 - INFO - 🔗 [Wunderground-API] Открываю: https://api.weather.com/v3/wx/conditions/historical/dailysummary/30day?apiKey=YOUR_WUNDERGROUND_API_KEY&language=en-US&units=e&format=json&icaoCode=KAUS&startDate=20261007&endDate=20261007
2026-10-08 14:01:35.014 - INFO - 📈 [Wunderground-API] KAUS 2026-10: собрано 30 дней
2026-10-08 14:01:35.014 - INFO - 🔗 [Wunderground-API] Открываю: https://api.weather.com/v3/wx/conditions/historical/dailysummary/30day?apiKey=YOUR_WUNDERGROUND_API_KEY&language=en-US&units=e&format=json&icaoCode=CYYZ&startDate=20261007&endDate=20261007
2026-10-08 14:01:35.572 - INFO - 📈 [Wunderground-API] CYYZ 2026-10: собрано 30 дней
2026-10-08 14:01:35.572 - INFO - 🔗 [Wunderground-API] Открываю: https://api.weather.com/v3/wx/conditions/historical/dailysummary/30day?apiKey=YOUR_WUNDERGROUND_API_KEY&language=en-US&units=e&format=json&icaoCode=MMMX&startDate=20261007&endDate=20261007
2026-10-08 14:01:36.091 - INFO - 📈 [Wunderground-API] MMMX 2026-10: собрано 30 дней
2026-10-08 14:01:36.091 - INFO - 🔗 [Wunderground-API] Открываю: https://api.weather.com/v3/wx/conditions/historical/dailysummary/30day?apiKey=YOUR_WUNDERGROUND_API_KEY&language=en-US&units=e&format=json&icaoCode=MPMG&startDate=20261007&endDate=20261007
2026-10-08 14:01:37.223 - INFO - 📈 [Wunderground-API] MPMG 2026-10: собрано 30 дней
2026-10-08 14:01:37.223 - INFO - 🔗 [Wunderground-API] Открываю: https://api.weather.com/v3/wx/conditions/historical/dailysummary/30day?apiKey=YOUR_WUNDERGROUND_API_KEY&language=en-US&units=e&format=json&icaoCode=EGLC&startDate=20261007&endDate=20261007
2026-10-08 14:01:37.757 - INFO - 📈 [Wunderground-API] EGLC 2026-10: собрано 30 дней
2026-10-08 14:01:37.757 - INFO - 🔗 [Wunderground-API] Открываю: https://api.weather.com/v3/wx/conditions/historical/dailysummary/30day?apiKey=YOUR_WUNDERGROUND_API_KEY&language=en-US&units=e&format=json&icaoCode=LFPG&startDate=20261007&endDate=20261007
2026-10-08 14:01:38.285 - INFO - 📈 [Wunderground-API] LFPG 2026-10: собрано 30 дней
2026-10-08 14:01:38.288 - INFO - 🔗 [Wunderground-API] Открываю: https://api.weather.com/v3/wx/conditions/historical/dailysummary/30day?apiKey=YOUR_WUNDERGROUND_API_KEY&language=en-US&units=e&format=json&icaoCode=EDDM&startDate=20261007&endDate=20261007
2026-10-08 14:01:39.123 - INFO - 📈 [Wunderground-API] EDDM 2026-10: собрано 30 дней
2026-10-08 14:01:39.132 - INFO - 🔗 [Wunderground-API] Открываю: https://api.weather.com/v3/wx/conditions/historical/dailysummary/30day?apiKey=YOUR_WUNDERGROUND_API_KEY&language=en-US&units=e&format=json&icaoCode=LIMC&startDate=20261007&endDate=20261007
2026-10-08 14:01:39.665 - INFO - 📈 [Wunderground-API] LIMC 2026-10: собрано 30 дней
2026-10-08 14:01:39.665 - INFO - 🔗 [Wunderground-API] Открываю: https://api.weather.com/v3/wx/conditions/historical/dailysummary/30day?apiKey=YOUR_WUNDERGROUND_API_KEY&language=en-US&units=e&format=json&icaoCode=LEMD&startDate=20261007&endDate=20261007
2026-10-08 14:01:40.684 - INFO - 📈 [Wunderground-API] LEMD 2026-10: собрано 30 дней
2026-10-08 14:01:40.684 - INFO - 🔗 [Wunderground-API] Открываю: https://api.weather.com/v3/wx/conditions/historical/dailysummary/30day?apiKey=YOUR_WUNDERGROUND_API_KEY&language=en-US&units=e&format=json&icaoCode=EHAM&startDate=20261007&endDate=20261007
2026-10-08 14:01:41.175 - INFO - 📈 [Wunderground-API] EHAM 2026-10: собрано 30 дней
2026-10-08 14:01:41.175 - INFO - 🔗 [Wunderground-API] Открываю: https://api.weather.com/v3/wx/conditions/historical/dailysummary/30day?apiKey=YOUR_WUNDERGROUND_API_KEY&language=en-US&units=e&format=json&icaoCode=EPWA&startDate=20261007&endDate=20261007
2026-10-08 14:01:41.635 - INFO - 📈 [Wunderground-API] EPWA 2026-10: собрано 30 дней
2026-10-08 14:01:41.637 - INFO - 🔗 [Wunderground-API] Открываю: https://api.weather.com/v3/wx/conditions/historical/dailysummary/30day?apiKey=YOUR_WUNDERGROUND_API_KEY&language=en-US&units=e&format=json&icaoCode=EFHK&startDate=20261007&endDate=20261007
2026-10-08 14:01:42.644 - INFO - 📈 [Wunderground-API] EFHK 2026-10: собрано 30 дней
2026-10-08 14:01:42.644 - INFO - 🔗 [Wunderground-API] Открываю: https://api.weather.com/v3/wx/conditions/historical/dailysummary/30day?apiKey=YOUR_WUNDERGROUND_API_KEY&language=en-US&units=e&format=json&icaoCode=LTAC&startDate=20261007&endDate=20261007
2026-10-08 14:01:43.150 - INFO - 📈 [Wunderground-API] LTAC 2026-10: собрано 30 дней
2026-10-08 14:01:43.150 - INFO - 🔗 [Wunderground-API] Открываю: https://api.weather.com/v3/wx/conditions/historical/dailysummary/30day?apiKey=YOUR_WUNDERGROUND_API_KEY&language=en-US&units=e&format=json&icaoCode=RKSI&startDate=20261007&endDate=20261007
2026-10-08 14:01:43.594 - INFO - 📈 [Wunderground-API] RKSI 2026-10: собрано 30 дней
2026-10-08 14:01:43.601 - INFO - 🔗 [Wunderground-API] Открываю: https://api.weather.com/v3/wx/conditions/historical/dailysummary/30day?apiKey=YOUR_WUNDERGROUND_API_KEY&language=en-US&units=e&format=json&icaoCode=RKPK&startDate=20261007&endDate=20261007
2026-10-08 14:01:47.686 - INFO - 📈 [Wunderground-API] RKPK 2026-10: собрано 30 дней
2026-10-08 14:01:47.686 - INFO - 🔗 [Wunderground-API] Открываю: https://api.weather.com/v3/wx/conditions/historical/dailysummary/30day?apiKey=YOUR_WUNDERGROUND_API_KEY&language=en-US&units=e&format=json&icaoCode=RJTT&startDate=20261007&endDate=20261007
2026-10-08 14:01:50.915 - INFO - 📈 [Wunderground-API] RJTT 2026-10: собрано 30 дней
2026-10-08 14:01:50.919 - INFO - 🔗 [Wunderground-API] Открываю: https://api.weather.com/v3/wx/conditions/historical/dailysummary/30day?apiKey=YOUR_WUNDERGROUND_API_KEY&language=en-US&units=e&format=json&icaoCode=ZBAA&startDate=20261007&endDate=20261007
2026-10-08 14:01:51.542 - INFO - 📈 [Wunderground-API] ZBAA 2026-10: собрано 30 дней
2026-10-08 14:01:51.553 - INFO - 🔗 [Wunderground-API] Открываю: https://api.weather.com/v3/wx/conditions/historical/dailysummary/30day?apiKey=YOUR_WUNDERGROUND_API_KEY&language=en-US&units=e&format=json&icaoCode=ZSPD&startDate=20261007&endDate=20261007
2026-10-08 14:01:52.595 - INFO - 📈 [Wunderground-API] ZSPD 2026-10: собрано 30 дней
2026-10-08 14:01:52.595 - INFO - 🔗 [Wunderground-API] Открываю: https://api.weather.com/v3/wx/conditions/historical/dailysummary/30day?apiKey=YOUR_WUNDERGROUND_API_KEY&language=en-US&units=e&format=json&icaoCode=ZGSZ&startDate=20261007&endDate=20261007
2026-10-08 14:01:53.074 - INFO - 📈 [Wunderground-API] ZGSZ 2026-10: собрано 30 дней
2026-10-08 14:01:53.074 - INFO - 🔗 [Wunderground-API] Открываю: https://api.weather.com/v3/wx/conditions/historical/dailysummary/30day?apiKey=YOUR_WUNDERGROUND_API_KEY&language=en-US&units=e&format=json&icaoCode=ZUCK&startDate=20261007&endDate=20261007
2026-10-08 14:01:54.109 - INFO - 📈 [Wunderground-API] ZUCK 2026-10: собрано 30 дней
2026-10-08 14:01:54.109 - INFO - 🔗 [Wunderground-API] Открываю: https://api.weather.com/v3/wx/conditions/historical/dailysummary/30day?apiKey=YOUR_WUNDERGROUND_API_KEY&language=en-US&units=e&format=json&icaoCode=ZUUU&startDate=20261007&endDate=20261007
2026-10-08 14:01:54.603 - INFO - 📈 [Wunderground-API] ZUUU 2026-10: собрано 30 дней
2026-10-08 14:01:54.603 - INFO - 🔗 [Wunderground-API] Открываю: https://api.weather.com/v3/wx/conditions/historical/dailysummary/30day?apiKey=YOUR_WUNDERGROUND_API_KEY&language=en-US&units=e&format=json&icaoCode=WSSS&startDate=20261007&endDate=20261007
2026-10-08 14:01:55.139 - INFO - 📈 [Wunderground-API] WSSS 2026-10: собрано 30 дней
2026-10-08 14:01:55.144 - INFO - 🔗 [Wunderground-API] Открываю: https://api.weather.com/v3/wx/conditions/historical/dailysummary/30day?apiKey=YOUR_WUNDERGROUND_API_KEY&language=en-US&units=e&format=json&icaoCode=VILK&startDate=20261007&endDate=20261007
2026-10-08 14:01:56.694 - INFO - 📈 [Wunderground-API] VILK 2026-10: собрано 30 дней
2026-10-08 14:01:56.704 - INFO - 🔗 [Wunderground-API] Открываю: https://api.weather.com/v3/wx/conditions/historical/dailysummary/30day?apiKey=YOUR_WUNDERGROUND_API_KEY&language=en-US&units=e&format=json&icaoCode=WMKK&startDate=20261007&endDate=20261007
2026-10-08 14:01:58.991 - INFO - 📈 [Wunderground-API] WMKK 2026-10: собрано 30 дней
2026-10-08 14:01:58.991 - INFO - 🔗 [Wunderground-API] Открываю: https://api.weather.com/v3/wx/conditions/historical/dailysummary/30day?apiKey=YOUR_WUNDERGROUND_API_KEY&language=en-US&units=e&format=json&icaoCode=ZHHH&startDate=20261007&endDate=20261007
2026-10-08 14:01:59.547 - INFO - 📈 [Wunderground-API] ZHHH 2026-10: собрано 30 дней
2026-10-08 14:01:59.547 - INFO - 🔗 [Wunderground-API] Открываю: https://api.weather.com/v3/wx/conditions/historical/dailysummary/30day?apiKey=YOUR_WUNDERGROUND_API_KEY&language=en-US&units=e&format=json&icaoCode=NZWN&startDate=20261007&endDate=20261007
2026-10-08 14:02:00.265 - INFO - 📈 [Wunderground-API] NZWN 2026-10: собрано 30 дней
2026-10-08 14:02:00.275 - INFO - 🔗 [Wunderground-API] Открываю: https://api.weather.com/v3/wx/conditions/historical/dailysummary/30day?apiKey=YOUR_WUNDERGROUND_API_KEY&language=en-US&units=e&format=json&icaoCode=SAEZ&startDate=20261007&endDate=20261007
2026-10-08 14:02:00.869 - INFO - 📈 [Wunderground-API] SAEZ 2026-10: собрано 30 дней
2026-10-08 14:02:00.869 - INFO - 🔗 [Wunderground-API] Открываю: https://api.weather.com/v3/wx/conditions/historical/dailysummary/30day?apiKey=YOUR_WUNDERGROUND_API_KEY&language=en-US&units=e&format=json&icaoCode=SBGR&startDate=20261007&endDate=20261007
2026-10-08 14:02:02.383 - INFO - 📈 [Wunderground-API] SBGR 2026-10: собрано 30 дней
2026-10-08 14:02:02.401 - INFO - 🔗 [Wunderground-API] Открываю: https://api.weather.com/v3/wx/conditions/historical/dailysummary/30day?apiKey=YOUR_WUNDERGROUND_API_KEY&language=en-US&units=e&format=json&icaoCode=OPKC&startDate=20261007&endDate=20261007
2026-10-08 14:02:03.897 - INFO - 📈 [Wunderground-API] OPKC 2026-10: собрано 30 дней
2026-10-08 14:02:03.912 - INFO - 🔗 [Wunderground-API] Открываю: https://api.weather.com/v3/wx/conditions/historical/dailysummary/30day?apiKey=YOUR_WUNDERGROUND_API_KEY&language=en-US&units=e&format=json&icaoCode=ZGGG&startDate=20261007&endDate=20261007
2026-10-08 14:02:04.405 - INFO - 📈 [Wunderground-API] ZGGG 2026-10: собрано 30 дней
2026-10-08 14:02:04.413 - INFO - 🔗 [Wunderground-API] Открываю: https://api.weather.com/v3/wx/conditions/historical/dailysummary/30day?apiKey=YOUR_WUNDERGROUND_API_KEY&language=en-US&units=e&format=json&icaoCode=OEJN&startDate=20261007&endDate=20261007
2026-10-08 14:02:05.904 - INFO - 📈 [Wunderground-API] OEJN 2026-10: собрано 30 дней
2026-10-08 14:02:05.904 - INFO - 🔗 [Wunderground-API] Открываю: https://api.weather.com/v3/wx/conditions/historical/dailysummary/30day?apiKey=YOUR_WUNDERGROUND_API_KEY&language=en-US&units=e&format=json&icaoCode=LLBG&startDate=20261007&endDate=20261007
2026-10-08 14:02:06.365 - INFO - 📈 [Wunderground-API] LLBG 2026-10: собрано 30 дней
2026-10-08 14:02:06.365 - INFO - 🔗 [Wunderground-API] Открываю: https://api.weather.com/v3/wx/conditions/historical/dailysummary/30day?apiKey=YOUR_WUNDERGROUND_API_KEY&language=en-US&units=e&format=json&icaoCode=RPLL&startDate=20261007&endDate=20261007
2026-10-08 14:02:18.858 - INFO - 📈 [Wunderground-API] RPLL 2026-10: собрано 30 дней
2026-10-08 14:02:18.864 - INFO - 🔗 [Wunderground-API] Открываю: https://api.weather.com/v3/wx/conditions/historical/dailysummary/30day?apiKey=YOUR_WUNDERGROUND_API_KEY&language=en-US&units=e&format=json&icaoCode=ZSQD&startDate=20261007&endDate=20261007
2026-10-08 14:02:19.354 - INFO - 📈 [Wunderground-API] ZSQD 2026-10: собрано 30 дней
2026-10-08 14:02:19.370 - INFO - 🔗 [Wunderground-API] Открываю: https://api.weather.com/v3/wx/conditions/historical/dailysummary/30day?apiKey=YOUR_WUNDERGROUND_API_KEY&language=en-US&units=e&format=json&icaoCode=FACT&startDate=20261007&endDate=20261007
2026-10-08 14:02:19.862 - INFO - 📈 [Wunderground-API] FACT 2026-10: собрано 30 дней
2026-10-08 14:02:19.879 - INFO - 🔗 [Wunderground-API] Открываю: https://api.weather.com/v3/wx/conditions/historical/dailysummary/30day?apiKey=YOUR_WUNDERGROUND_API_KEY&language=en-US&units=e&format=json&icaoCode=UUWW&startDate=20261007&endDate=20261007
2026-10-08 14:02:20.374 - INFO - 📈 [Wunderground-API] UUWW 2026-10: собрано 30 дней
2026-10-08 14:02:20.389 - INFO - 🔗 [Wunderground-API] Открываю: https://api.weather.com/v3/wx/conditions/historical/dailysummary/30day?apiKey=YOUR_WUNDERGROUND_API_KEY&language=en-US&units=e&format=json&icaoCode=RCSS&startDate=20261007&endDate=20261007
2026-10-08 14:02:20.931 - INFO - 📈 [Wunderground-API] RCSS 2026-10: собрано 30 дней
2026-10-08 14:02:20.946 - INFO - 🔗 [Wunderground-API] Открываю: https://api.weather.com/v3/wx/conditions/historical/dailysummary/30day?apiKey=YOUR_WUNDERGROUND_API_KEY&language=en-US&units=e&format=json&icaoCode=ZSJN&startDate=20261007&endDate=20261007
2026-10-08 14:02:23.050 - INFO - 📈 [Wunderground-API] ZSJN 2026-10: собрано 30 дней
2026-10-08 14:02:23.056 - INFO - 🔗 [Wunderground-API] Открываю: https://api.weather.com/v3/wx/conditions/historical/dailysummary/30day?apiKey=YOUR_WUNDERGROUND_API_KEY&language=en-US&units=e&format=json&icaoCode=ZHCC&startDate=20261007&endDate=20261007
2026-10-08 14:02:23.611 - INFO - 📈 [Wunderground-API] ZHCC 2026-10: собрано 30 дней
2026-10-08 14:02:23.621 - INFO - 💾 2026-10: дозаписано 49 новых строк в data_mining/wunderground_history\actuals_2026_10.jsonl
2026-10-08 14:02:28.330 - INFO - 📋 Отправлена сводка фактических максимумов за 2026-10-07
