2026-10-09 00:04:36.028 - INFO - 🔎 Chicago — слот 12:00 (2026-10-08 12:04)
2026-10-09 00:04:37.567 - INFO - 📈 [WU-API] KORD: собрано 11 точек
2026-10-09 00:04:37.577 - INFO - 💾 Записан снапшот: KORD | wunderground | 12:00 | 11 точек
2026-10-09 00:04:37.580 - INFO - 🔎 Dallas — слот 12:00 (2026-10-08 12:04)
2026-10-09 00:04:38.987 - INFO - 📈 [WU-API] KDAL: собрано 12 точек
2026-10-09 00:04:38.997 - INFO - 💾 Записан снапшот: KDAL | wunderground | 12:00 | 12 точек
2026-10-09 00:04:39.001 - INFO - 🔎 Houston — слот 12:00 (2026-10-08 12:04)
2026-10-09 00:04:41.282 - INFO - 📈 [WU-API] KHOU: собрано 12 точек
2026-10-09 00:04:41.292 - INFO - 💾 Записан снапшот: KHOU | wunderground | 12:00 | 12 точек
2026-10-09 00:04:41.296 - INFO - 🔎 Austin — слот 12:00 (2026-10-08 12:04)
2026-10-09 00:04:42.616 - INFO - 📈 [WU-API] KAUS: собрано 11 точек
2026-10-09 00:04:42.625 - INFO - 💾 Записан снапшот: KAUS | wunderground | 12:00 | 11 точек
2026-10-09 00:05:08.348 - INFO - 🔎 Panama City — слот 12:00 (2026-10-08 12:05)
2026-10-09 00:05:09.323 - INFO - 📈 [WU-API] MPMG: собрано 12 точек
2026-10-09 00:05:09.331 - INFO - 💾 Записан снапшот: MPMG | wunderground | 12:00 | 12 точек
2026-10-09 00:05:11.695 - INFO - 🔎 Wellington — слот 06:00 (2026-10-09 06:05)
2026-10-09 00:05:13.072 - INFO - 📈 [WU-API] NZWN: собрано 17 точек
2026-10-09 00:05:13.083 - INFO - 💾 Записан снапшот: NZWN | wunderground | 06:00 | 17 точек
2026-10-09 00:10:16.380 - INFO - 🔎 Chicago — слот 12:00 (2026-10-08 12:10)
2026-10-09 00:10:16.383 - INFO - 🔎 Dallas — слот 12:00 (2026-10-08 12:10)
2026-10-09 00:10:16.385 - INFO - 🔎 Houston — слот 12:00 (2026-10-08 12:10)
2026-10-09 00:10:16.388 - INFO - 🔎 Austin — слот 12:00 (2026-10-08 12:10)
2026-10-09 00:10:16.393 - INFO - 🔎 Panama City — слот 12:00 (2026-10-08 12:10)
2026-10-09 00:10:16.400 - INFO - 🔎 Wellington — слот 06:00 (2026-10-09 06:10)
2026-10-09 00:15:16.413 - INFO - 🔎 Chicago — слот 12:00 (2026-10-08 12:15)
2026-10-09 00:15:16.418 - INFO - 🔎 Dallas — слот 12:00 (2026-10-08 12:15)
2026-10-09 00:15:16.423 - INFO - 🔎 Houston — слот 12:00 (2026-10-08 12:15)
2026-10-09 00:15:16.428 - INFO - 🔎 Austin — слот 12:00 (2026-10-08 12:15)
2026-10-09 00:15:16.431 - INFO - 🔎 Panama City — слот 12:00 (2026-10-08 12:15)
2026-10-09 00:15:16.435 - INFO - 🔎 Wellington — слот 06:00 (2026-10-09 06:15)
2026-10-09 00:20:18.139 - INFO - 🔎 Chicago — слот 12:00 (2026-10-08 12:20)
2026-10-09 00:20:18.143 - INFO - 🔎 Dallas — слот 12:00 (2026-10-08 12:20)
2026-10-09 00:20:18.147 - INFO - 🔎 Houston — слот 12:00 (2026-10-08 12:20)
2026-10-09 00:20:18.150 - INFO - 🔎 Austin — слот 12:00 (2026-10-08 12:20)
2026-10-09 00:20:18.153 - INFO - 🔎 Panama City — слот 12:00 (2026-10-08 12:20)
2026-10-09 00:20:18.157 - INFO - 🔎 Wellington — слот 06:00 (2026-10-09 06:20)
2026-10-09 00:25:18.168 - INFO - 🔎 Chicago — слот 12:00 (2026-10-08 12:25)
2026-10-09 00:25:18.172 - INFO - 🔎 Dallas — слот 12:00 (2026-10-08 12:25)
2026-10-09 00:25:18.180 - INFO - 🔎 Houston — слот 12:00 (2026-10-08 12:25)
2026-10-09 00:25:18.183 - INFO - 🔎 Austin — слот 12:00 (2026-10-08 12:25)
2026-10-09 00:25:18.188 - INFO - 🔎 Panama City — слот 12:00 (2026-10-08 12:25)
2026-10-09 00:25:18.193 - INFO - 🔎 Wellington — слот 06:00 (2026-10-09 06:25)
2026-10-09 00:30:18.204 - INFO - 🔎 Chicago — слот 12:00 (2026-10-08 12:30)
2026-10-09 00:30:18.207 - INFO - 🔎 Dallas — слот 12:00 (2026-10-08 12:30)
2026-10-09 00:30:18.211 - INFO - 🔎 Houston — слот 12:00 (2026-10-08 12:30)
2026-10-09 00:30:18.214 - INFO - 🔎 Austin — слот 12:00 (2026-10-08 12:30)
2026-10-09 00:30:18.218 - INFO - 🔎 Panama City — слот 12:00 (2026-10-08 12:30)
2026-10-09 00:30:18.222 - INFO - 🔎 Wellington — слот 06:00 (2026-10-09 06:30)
2026-10-09 00:35:20.116 - INFO - 🔎 Chicago — слот 12:00 (2026-10-08 12:35)
2026-10-09 00:35:20.118 - INFO - 🔎 Dallas — слот 12:00 (2026-10-08 12:35)
2026-10-09 00:35:20.119 - INFO - 🔎 Houston — слот 12:00 (2026-10-08 12:35)
2026-10-09 00:35:20.121 - INFO - 🔎 Austin — слот 12:00 (2026-10-08 12:35)
2026-10-09 00:35:20.122 - INFO - 🔎 Panama City — слот 12:00 (2026-10-08 12:35)
2026-10-09 00:35:20.124 - INFO - 🔎 Wellington — слот 06:00 (2026-10-09 06:35)
